<html>
<body>
<pre>
<h1>µVision Build Log</h1>
<h2>Tool Versions:</h2>
IDE-Version: µVision V5.27.1.0
Copyright (C) 2019 ARM Ltd and ARM Germany GmbH. All rights reserved.
License Information: Amy Lovinsky, NA, LIC=----
 
Tool Versions:
Toolchain:       MDK-Lite  Version: 5.27.1.0
Toolchain Path:  C:\Keil_v5\ARM\ARMCC\Bin
C Compiler:      Armcc.exe V5.06 update 6 (build 750)
Assembler:       Armasm.exe V5.06 update 6 (build 750)
Linker/Locator:  ArmLink.exe V5.06 update 6 (build 750)
Library Manager: ArmAr.exe V5.06 update 6 (build 750)
Hex Converter:   FromElf.exe V5.06 update 6 (build 750)
CPU DLL:         
Dialog DLL:      
Target DLL:      STLink\ST-LINKIII-KEIL_SWO.dll V3.0.6.0
Dialog DLL:      
 
<h2>Project:</h2>
F:\Libraries\Documents\stm32f407 board\FSMC_LCD\MDK-ARM\fsmc_lcd.uvprojx
Project File Date:  03/30/2020

<h2>Output:</h2>
*** Using Compiler 'V5.06 update 6 (build 750)', folder: 'C:\Keil_v5\ARM\ARMCC\Bin'
Build target 'fsmc_lcd'
compiling ILI9486.c...
..\Src\ILI9486.h(82): warning:  #1295-D: Deprecated declaration TFT_Init - give arg types
  void TFT_Init(); //Initialization
..\Src\ILI9486.h(87): warning:  #1295-D: Deprecated declaration LCD_WindowMax - give arg types
  void LCD_WindowMax(); // Sets the LCD write window to maximum.
..\Src\ILI9486.h(91): warning:  #1295-D: Deprecated declaration TFT_Show - give arg types
  void TFT_Show();
..\Src\ILI9486.h(111): warning:  #1295-D: Deprecated declaration TFT_ReadPins - give arg types
  int16_t TFT_ReadPins();
..\Src\ILI9486.h(112): warning:  #1295-D: Deprecated declaration TFT_ReadData - give arg types
  int16_t TFT_ReadData();
..\Src\ILI9486.h(113): warning:  #1295-D: Deprecated declaration TFT_ReadStatus - give arg types
  int16_t TFT_ReadStatus();
..\Src\ILI9486.h(119): warning:  #1-D: last line of file ends without a newline
  #endif
../Inc/Font_24x16.h(130): warning:  #1-D: last line of file ends without a newline
  };
..\Src\ILI9486.c(92): warning:  #177-D: variable "i"  was declared but never referenced
  	int16_t i, j, k, h;
..\Src\ILI9486.c(92): warning:  #177-D: variable "j"  was declared but never referenced
  	int16_t i, j, k, h;
..\Src\ILI9486.c(280): warning:  #940-D: missing return statement at end of non-void function "TFT_ReadStatus" 
  }
..\Src\ILI9486.c(272): warning:  #177-D: function "TFT_ReadData"  was declared but never referenced
  static __inline int16_t TFT_ReadData() { //
..\Src\ILI9486.c(278): warning:  #177-D: function "TFT_ReadStatus"  was declared but never referenced
  static __inline int16_t TFT_ReadStatus() { //Implement later
..\Src\ILI9486.c: 13 warnings, 0 errors
linking...
Program Size: Code=3672 RO-data=440 RW-data=24 ZI-data=1104  
FromELF: creating hex file...
"fsmc_lcd\fsmc_lcd.axf" - 0 Error(s), 13 Warning(s).

<h2>Software Packages used:</h2>

Package Vendor: ARM
                http://www.keil.com/pack/ARM.CMSIS.5.5.1.pack
                ARM.CMSIS.5.5.1
                CMSIS (Cortex Microcontroller Software Interface Standard)
   * Component: CORE Version: 5.2.0

<h2>Collection of Component include folders:</h2>
  .\RTE\_fsmc_lcd
  C:\Users\Amy\AppData\Local\Arm\Packs\ARM\CMSIS\5.5.1\CMSIS\Core\Include

<h2>Collection of Component Files used:</h2>

   * Component: ARM::CMSIS:CORE:5.2.0
Build Time Elapsed:  00:00:02
</pre>
</body>
</html>
